[main d685e95] 点表替换为docs/点表数据文件，技术文档归档至docs/技术方案，清理冗余文件与脚本
 43 files changed, 6898 insertions(+), 5649 deletions(-)
 delete mode 100644 check_worksheets.py
 delete mode 100644 convert_drawio.py
 delete mode 100644 convert_md_to_pdf.py
 delete mode 100644 convert_md_to_pdf_playwright.py
 delete mode 100644 convert_md_to_pdf_simple.py
 delete mode 100644 docs.zip
 create mode 100644 docs/.vitepress/theme/components/AnimatedNumber.vue
 delete mode 100644 docs/IM_SYS_PRG.zip
 rename "KEBA\350\257\264\346\230\216\344\271\246i1000-\344\270\255\346\226\207v3.05.pdf" => "docs/\345\217\202\350\200\203\350\265\204\346\226\231/KEBA\350\257\264\346\230\216\344\271\246i1000-\344\270\255\346\226\207v3.05.pdf" (100%)
 delete mode 100644 "docs/\345\234\260\345\235\200\347\202\271\350\241\250_D0.md"
 delete mode 100644 "docs/\345\234\260\345\235\200\347\202\271\350\241\250_D1.md"
 delete mode 100644 "docs/\345\234\260\345\235\200\347\202\271\350\241\250_D2.md"
 delete mode 100644 "docs/\345\234\260\345\235\200\347\202\271\350\241\250_D3.md"
 delete mode 100644 "docs/\345\234\260\345\235\200\347\202\271\350\241\250_MD.md"
 delete mode 100644 "docs/\345\234\260\345\235\200\347\202\271\350\241\250_Sheet1.md"
 rename "PLC\346\212\200\346\234\257\346\226\207\346\241\243\350\257\204\345\256\241\344\270\216\346\224\271\350\277\233\345\273\272\350\256\256.md" => "docs/\346\212\200\346\234\257\346\226\271\346\241\210/PLC\346\212\200\346\234\257\346\226\207\346\241\243\350\257\204\345\256\241\344\270\216\346\224\271\350\277\233\345\273\272\350\256\256.md" (100%)
 rename "\346\263\250\345\241\221\346\234\272\344\270\223\347\224\250\345\267\245\350\211\272\345\272\223\346\236\266\346\236\204\350\256\276\350\256\241.md" => "docs/\346\212\200\346\234\257\346\226\271\346\241\210/\346\263\250\345\241\221\346\234\272\344\270\223\347\224\250\345\267\245\350\211\272\345\272\223\346\236\266\346\236\204\350\256\276\350\256\241.md" (100%)
 rename "\346\263\250\345\241\221\346\234\272\346\266\262\345\216\213\346\216\247\345\210\266\345\210\206\345\261\202\346\226\271\346\241\210\345\257\271\346\257\224\345\210\206\346\236\220.md" => "docs/\346\212\200\346\234\257\346\226\271\346\241\210/\346\263\250\345\241\221\346\234\272\346\266\262\345\216\213\346\216\247\345\210\266\345\210\206\345\261\202\346\226\271\346\241\210\345\257\271\346\257\224\345\210\206\346\236\220.md" (100%)
 create mode 100644 "docs/\347\202\271\350\241\250/alarms.csv"
 create mode 100644 "docs/\347\202\271\350\241\250/axis-alarms.csv"
 create mode 100644 "docs/\347\202\271\350\241\250/io-points.csv"
 create mode 100644 "docs/\347\202\271\350\241\250/machine-phase.xml"
 create mode 100644 "docs/\347\202\271\350\241\250/plc-tags-D0.csv"
 create mode 100644 "docs/\347\202\271\350\241\250/plc-tags-D1.csv"
 create mode 100644 "docs/\347\202\271\350\241\250/plc-tags-D2.csv"
 create mode 100644 "docs/\347\202\271\350\241\250/plc-tags-D3.csv"
 create mode 100644 "docs/\347\202\271\350\241\250/plc-tags-D4.csv"
 create mode 100644 "docs/\347\202\271\350\241\250/plc-tags-D5.csv"
 create mode 100644 "docs/\347\202\271\350\241\250/plc-tags-D6.csv"
 create mode 100644 "docs/\347\202\271\350\241\250/plc-tags-D7.csv"
 delete mode 100644 docsearch.json
 delete mode 100644 excel_to_md.py
 delete mode 100644 excel_to_md_all_sheets.py
 delete mode 100644 excel_to_md_improved.py
 create mode 100644 package-lock.json
 delete mode 100644 pnpm
 delete mode 100644 pnpm-lock.yaml
 delete mode 100644 resize_images.py
